[
  {
    "order" : "descending",
    "page" : 0,
    "per_page" : 10,
    "q" : "language:someLanguage",
    "sorting" : "stars"
  },
  {
    "order" : "descending",
    "page" : 10,
    "per_page" : 50,
    "q" : "language:stuff",
    "sorting" : "forks"
  },
  {
    "order" : "ascending",
    "page" : 15,
    "per_page" : 15,
    "q" : "language:random",
    "sorting" : "updated"
  }
]